// Jest Snapshot v1, https://goo.gl/fbAQLP

exports[`Number Field should render correctly 1`] = `
<div
  className="zen_ui__number_field__container"
  data-stretch={true}
>
  <div
    className="zen_ui__number_field"
    data-error={false}
  >
    <div
      className="zen_ui__number_field__input_container"
    >
      <input
        disabled={false}
        id="zen-ui-id-2"
        onChange={[Function]}
        onKeyPress={[Function]}
        pattern="[0-9]*"
        placeholder={undefined}
        value={1}
      />
      <div />
    </div>
    <div
      className="zen_ui__number_field__buttons"
    >
      <div>
        <div>
          <div>
            <div>
              <label
                className="zen_ui__number_field__button__increase_number"
                htmlFor="zen-ui-id-2"
                onClick={[Function]}
              />
            </div>
          </div>
          <div>
            <div>
              <label
                className="zen_ui__number_field__button__decrease_number"
                htmlFor="zen-ui-id-2"
                onClick={[Function]}
              />
            </div>
          </div>
        </div>
      </div>
    </div>
  </div>
</div>
`;
